src/components/common/Header.vue(47,7): error TS6133: 'content' is declared but its value is never read.
src/components/gallery/Gallery.vue(147,18): error TS6133: 'data' is declared but its value is never read.
src/components/home/Timeline.vue(48,1): error TS6133: 't' is declared but its value is never read.
src/views/admin/AdminGalleryPage.vue(180,18): error TS6133: 'data' is declared but its value is never read.
src/views/admin/AdminGuestsPage.vue(5,1): error TS6133: 't' is declared but its value is never read.
